Running on the CPU; pass -gpu <index> to use the HIP backend.
layer     filters    size              input                output
    0 conv     32  3 x 3 / 1    28 x  28 x   3   ->    28 x  28 x  32  0.001 BFLOPs
    1 max          2 x 2 / 2    28 x  28 x  32   ->    14 x  14 x  32
    2 conv     64  3 x 3 / 1    14 x  14 x  32   ->    14 x  14 x  64  0.007 BFLOPs
    3 conv     64  3 x 3 / 1    14 x  14 x  64   ->    14 x  14 x  64  0.014 BFLOPs
    4 max          2 x 2 / 2    14 x  14 x  64   ->     7 x   7 x  64
    5 conv    128  3 x 3 / 1     7 x   7 x  64   ->     7 x   7 x 128  0.007 BFLOPs
    6 connected                            6272  ->   128
    7 dropout       p = 0.50                128  ->   128
    8 connected                             128  ->    10
    9 softmax                                          10
Saving weights to /home/milo/Documents/zig/darknet_zig/bench/data/cifar10/backup/cifar10-cpu.weights
layer     filters    size              input                output
    0 conv     32  3 x 3 / 1    28 x  28 x   3   ->    28 x  28 x  32  0.001 BFLOPs
    1 max          2 x 2 / 2    28 x  28 x  32   ->    14 x  14 x  32
    2 conv     64  3 x 3 / 1    14 x  14 x  32   ->    14 x  14 x  64  0.007 BFLOPs
    3 conv     64  3 x 3 / 1    14 x  14 x  64   ->    14 x  14 x  64  0.014 BFLOPs
    4 max          2 x 2 / 2    14 x  14 x  64   ->     7 x   7 x  64
    5 conv    128  3 x 3 / 1     7 x   7 x  64   ->     7 x   7 x 128  0.007 BFLOPs
    6 connected                            6272  ->   128
    7 dropout       p = 0.50                128  ->   128
    8 connected                             128  ->    10
    9 softmax                                          10
Loading weights from /home/milo/Documents/zig/darknet_zig/bench/data/cifar10/backup/cifar10-cpu.weights...Done!
