HIP device 0: AMD Radeon RX 6650 XT (7990 MiB free / 8176 MiB total)
layer     filters    size              input                output
    0 conv     16  3 x 3 / 1    96 x  96 x   3   ->    96 x  96 x  16  0.008 BFLOPs
    1 max          2 x 2 / 2    96 x  96 x  16   ->    48 x  48 x  16
    2 conv     32  3 x 3 / 1    48 x  48 x  16   ->    48 x  48 x  32  0.021 BFLOPs
    3 max          2 x 2 / 2    48 x  48 x  32   ->    24 x  24 x  32
    4 conv     64  3 x 3 / 1    24 x  24 x  32   ->    24 x  24 x  64  0.021 BFLOPs
    5 max          2 x 2 / 2    24 x  24 x  64   ->    12 x  12 x  64
    6 conv    128  3 x 3 / 1    12 x  12 x  64   ->    12 x  12 x 128  0.021 BFLOPs
    7 max          2 x 2 / 2    12 x  12 x 128   ->     6 x   6 x 128
    8 conv    256  3 x 3 / 1     6 x   6 x 128   ->     6 x   6 x 256  0.021 BFLOPs
    9 connected                            9216  ->   256
   10 dropout       p = 0.50                256  ->   256
   11 connected                             256  ->    80
   12 softmax                                          80
Saving weights to /home/milo/Documents/zig/darknet_zig/bench/data/coco/backup/coco-gpu.weights
layer     filters    size              input                output
    0 conv     16  3 x 3 / 1    96 x  96 x   3   ->    96 x  96 x  16  0.008 BFLOPs
    1 max          2 x 2 / 2    96 x  96 x  16   ->    48 x  48 x  16
    2 conv     32  3 x 3 / 1    48 x  48 x  16   ->    48 x  48 x  32  0.021 BFLOPs
    3 max          2 x 2 / 2    48 x  48 x  32   ->    24 x  24 x  32
    4 conv     64  3 x 3 / 1    24 x  24 x  32   ->    24 x  24 x  64  0.021 BFLOPs
    5 max          2 x 2 / 2    24 x  24 x  64   ->    12 x  12 x  64
    6 conv    128  3 x 3 / 1    12 x  12 x  64   ->    12 x  12 x 128  0.021 BFLOPs
    7 max          2 x 2 / 2    12 x  12 x 128   ->     6 x   6 x 128
    8 conv    256  3 x 3 / 1     6 x   6 x 128   ->     6 x   6 x 256  0.021 BFLOPs
    9 connected                            9216  ->   256
   10 dropout       p = 0.50                256  ->   256
   11 connected                             256  ->    80
   12 softmax                                          80
Loading weights from /home/milo/Documents/zig/darknet_zig/bench/data/coco/backup/coco-gpu.weights...Done!
